============================================================
 CloudFront Failover Test Started
 Target: https://d1ysm0bdh2n82i.cloudfront.net
 Logging to: failover.log
============================================================
[2025-12-09 16:32:52] Origin: [1;31mUnexpected response / Possibly 5xx[0m
[2025-12-09 16:32:54] Origin: [1;31mUnexpected response / Possibly 5xx[0m
[2025-12-09 16:32:56] Origin: [1;31mUnexpected response / Possibly 5xx[0m
[2025-12-09 16:32:59] Origin: [1;31mUnexpected response / Possibly 5xx[0m
[2025-12-09 16:33:01] Origin: [1;31mUnexpected response / Possibly 5xx[0m
[2025-12-09 16:33:03] Origin: [1;31mUnexpected response / Possibly 5xx[0m
[2025-12-09 16:33:05] Origin: [1;31mUnexpected response / Possibly 5xx[0m
[2025-12-09 16:33:07] Origin: [1;31mUnexpected response / Possibly 5xx[0m
[2025-12-09 16:33:09] Origin: [1;31mUnexpected response / Possibly 5xx[0m
[2025-12-09 16:33:12] Origin: [1;31mUnexpected response / Possibly 5xx[0m
[2025-12-09 16:33:14] Origin: [1;31mUnexpected response / Possibly 5xx[0m
[2025-12-09 16:33:16] Origin: [1;31mUnexpected response / Possibly 5xx[0m
[2025-12-09 16:33:18] Origin: [1;31mUnexpected response / Possibly 5xx[0m
[2025-12-09 16:33:20] Origin: [1;31mUnexpected response / Possibly 5xx[0m
[2025-12-09 16:33:23] Origin: [1;31mUnexpected response / Possibly 5xx[0m
[2025-12-09 16:33:26] Origin: [1;31mUnexpected response / Possibly 5xx[0m
[2025-12-09 16:33:28] Origin: [1;31mUnexpected response / Possibly 5xx[0m
[2025-12-09 16:33:30] Origin: [1;31mUnexpected response / Possibly 5xx[0m
[2025-12-09 16:33:32] Origin: [1;31mUnexpected response / Possibly 5xx[0m
[2025-12-09 16:33:34] Origin: [1;31mUnexpected response / Possibly 5xx[0m
[2025-12-09 16:33:36] Origin: [1;31mUnexpected response / Possibly 5xx[0m
[2025-12-09 16:33:39] Origin: [1;31mUnexpected response / Possibly 5xx[0m
[2025-12-09 16:33:41] Origin: [1;31mUnexpected response / Possibly 5xx[0m
[2025-12-09 16:33:43] Origin: [1;31mUnexpected response / Possibly 5xx[0m
[2025-12-09 16:33:45] Origin: [1;31mUnexpected response / Possibly 5xx[0m
[2025-12-09 16:33:47] Origin: [1;31mUnexpected response / Possibly 5xx[0m
[2025-12-09 16:33:49] Origin: [1;31mUnexpected response / Possibly 5xx[0m
[2025-12-09 16:33:52] Origin: [1;31mUnexpected response / Possibly 5xx[0m
[2025-12-09 16:33:54] Origin: [1;31mUnexpected response / Possibly 5xx[0m
============================================================
 CloudFront Failover Test Started
 Target: https://d1ysm0bdh2n82i.cloudfront.net
 Logging to: failover.log
============================================================
[2025-12-09 19:57:20] Origin: [1;31mUnexpected response / Possibly 5xx[0m
[2025-12-09 19:57:22] Origin: [1;31mUnexpected response / Possibly 5xx[0m
[2025-12-09 19:57:24] Origin: [1;31mUnexpected response / Possibly 5xx[0m
[2025-12-09 19:57:27] Origin: [1;31mUnexpected response / Possibly 5xx[0m
[2025-12-09 19:57:29] Origin: [1;31mUnexpected response / Possibly 5xx[0m
[2025-12-09 19:57:31] Origin: [1;31mUnexpected response / Possibly 5xx[0m
[2025-12-09 19:57:34] Origin: [1;31mUnexpected response / Possibly 5xx[0m
[2025-12-09 19:57:36] Origin: [1;31mUnexpected response / Possibly 5xx[0m
[2025-12-09 19:57:38] Origin: [1;31mUnexpected response / Possibly 5xx[0m
[2025-12-09 19:57:40] Origin: [1;31mUnexpected response / Possibly 5xx[0m
[2025-12-09 19:57:44] Origin: [1;31mUnexpected response / Possibly 5xx[0m
[2025-12-09 19:57:46] Origin: [1;31mUnexpected response / Possibly 5xx[0m
[2025-12-09 19:57:48] Origin: [1;31mUnexpected response / Possibly 5xx[0m
[2025-12-09 19:57:51] Origin: [1;31mUnexpected response / Possibly 5xx[0m
[2025-12-09 19:57:53] Origin: [1;31mUnexpected response / Possibly 5xx[0m
[2025-12-09 19:57:55] Origin: [1;31mUnexpected response / Possibly 5xx[0m
[2025-12-09 19:57:57] Origin: [1;31mUnexpected response / Possibly 5xx[0m
[2025-12-09 19:57:59] Origin: [1;31mUnexpected response / Possibly 5xx[0m
[2025-12-09 19:58:02] Origin: [1;31mUnexpected response / Possibly 5xx[0m
[2025-12-09 19:58:04] Origin: [1;31mUnexpected response / Possibly 5xx[0m
[2025-12-09 19:58:06] Origin: [1;31mUnexpected response / Possibly 5xx[0m
[2025-12-09 19:58:08] Origin: [1;31mUnexpected response / Possibly 5xx[0m
[2025-12-09 19:58:10] Origin: [1;31mUnexpected response / Possibly 5xx[0m
[2025-12-09 19:58:12] Origin: [1;31mUnexpected response / Possibly 5xx[0m
[2025-12-09 19:58:15] Origin: [1;31mUnexpected response / Possibly 5xx[0m
[2025-12-09 19:58:19] Origin: [1;31mUnexpected response / Possibly 5xx[0m
[2025-12-09 19:58:21] Origin: [1;31mUnexpected response / Possibly 5xx[0m
[2025-12-09 19:58:23] Origin: [1;31mUnexpected response / Possibly 5xx[0m
[2025-12-09 19:58:25] Origin: [1;31mUnexpected response / Possibly 5xx[0m
[2025-12-09 19:58:27] Origin: [1;31mUnexpected response / Possibly 5xx[0m
[2025-12-09 19:58:30] Origin: [1;31mUnexpected response / Possibly 5xx[0m
[2025-12-09 19:58:32] Origin: [1;31mUnexpected response / Possibly 5xx[0m
[2025-12-09 19:58:34] Origin: [1;31mUnexpected response / Possibly 5xx[0m
[2025-12-09 19:58:36] Origin: [1;31mUnexpected response / Possibly 5xx[0m
[2025-12-09 19:58:38] Origin: [1;31mUnexpected response / Possibly 5xx[0m
[2025-12-09 19:58:40] Origin: [1;31mUnexpected response / Possibly 5xx[0m
[2025-12-09 19:58:43] Origin: [1;31mUnexpected response / Possibly 5xx[0m
[2025-12-09 19:58:45] Origin: [1;31mUnexpected response / Possibly 5xx[0m
[2025-12-09 19:58:47] Origin: [1;31mUnexpected response / Possibly 5xx[0m
[2025-12-09 19:58:49] Origin: [1;31mUnexpected response / Possibly 5xx[0m
[2025-12-09 19:58:53] Origin: [1;31mUnexpected response / Possibly 5xx[0m
[2025-12-09 19:58:55] Origin: [1;31mUnexpected response / Possibly 5xx[0m
[2025-12-09 19:58:58] Origin: [1;31mUnexpected response / Possibly 5xx[0m
[2025-12-09 19:59:00] Origin: [1;31mUnexpected response / Possibly 5xx[0m
[2025-12-09 19:59:02] Origin: [1;31mUnexpected response / Possibly 5xx[0m
[2025-12-09 19:59:05] Origin: [1;31mUnexpected response / Possibly 5xx[0m
[2025-12-09 19:59:08] Origin: [1;31mUnexpected response / Possibly 5xx[0m
[2025-12-09 19:59:10] Origin: [1;31mUnexpected response / Possibly 5xx[0m
[2025-12-09 19:59:12] Origin: [1;31mUnexpected response / Possibly 5xx[0m
[2025-12-09 19:59:14] Origin: [1;31mUnexpected response / Possibly 5xx[0m
[2025-12-09 19:59:16] Origin: [1;31mUnexpected response / Possibly 5xx[0m
[2025-12-09 19:59:18] Origin: [1;31mUnexpected response / Possibly 5xx[0m
[2025-12-09 19:59:21] Origin: [1;31mUnexpected response / Possibly 5xx[0m
[2025-12-09 19:59:23] Origin: [1;31mUnexpected response / Possibly 5xx[0m
[2025-12-09 19:59:27] Origin: [1;31mUnexpected response / Possibly 5xx[0m
[2025-12-09 19:59:29] Origin: [1;31mUnexpected response / Possibly 5xx[0m
[2025-12-09 19:59:31] Origin: [1;31mUnexpected response / Possibly 5xx[0m
[2025-12-09 19:59:33] Origin: [1;31mUnexpected response / Possibly 5xx[0m
[2025-12-09 19:59:35] Origin: [1;31mUnexpected response / Possibly 5xx[0m
[2025-12-09 19:59:37] Origin: [1;31mUnexpected response / Possibly 5xx[0m
[2025-12-09 19:59:40] Origin: [1;31mUnexpected response / Possibly 5xx[0m
[2025-12-09 19:59:42] Origin: [1;31mUnexpected response / Possibly 5xx[0m
[2025-12-09 19:59:44] Origin: [1;31mUnexpected response / Possibly 5xx[0m
[2025-12-09 19:59:46] Origin: [1;31mUnexpected response / Possibly 5xx[0m
[2025-12-09 19:59:48] Origin: [1;31mUnexpected response / Possibly 5xx[0m
[2025-12-09 19:59:50] Origin: [1;31mUnexpected response / Possibly 5xx[0m
[2025-12-09 19:59:53] Origin: [1;31mUnexpected response / Possibly 5xx[0m
[2025-12-09 19:59:55] Origin: [1;31mUnexpected response / Possibly 5xx[0m
[2025-12-09 19:59:57] Origin: [1;31mUnexpected response / Possibly 5xx[0m
[2025-12-09 20:00:01] Origin: [1;31mUnexpected response / Possibly 5xx[0m
[2025-12-09 20:00:03] Origin: [1;31mUnexpected response / Possibly 5xx[0m
[2025-12-09 20:00:05] Origin: [1;31mUnexpected response / Possibly 5xx[0m
[2025-12-09 20:00:07] Origin: [1;31mUnexpected response / Possibly 5xx[0m
[2025-12-09 20:00:10] Origin: [1;31mUnexpected response / Possibly 5xx[0m
[2025-12-09 20:00:12] Origin: [1;31mUnexpected response / Possibly 5xx[0m
[2025-12-09 20:00:14] Origin: [1;31mUnexpected response / Possibly 5xx[0m
[2025-12-09 20:00:16] Origin: [1;31mUnexpected response / Possibly 5xx[0m
[2025-12-09 20:00:18] Origin: [1;31mUnexpected response / Possibly 5xx[0m
[2025-12-09 20:00:20] Origin: [1;31mUnexpected response / Possibly 5xx[0m
[2025-12-09 20:00:22] Origin: [1;31mUnexpected response / Possibly 5xx[0m
[2025-12-09 20:00:25] Origin: [1;31mUnexpected response / Possibly 5xx[0m
[2025-12-09 20:00:27] Origin: [1;31mUnexpected response / Possibly 5xx[0m
[2025-12-09 20:00:29] Origin: [1;31mUnexpected response / Possibly 5xx[0m
[2025-12-09 20:00:34] Origin: [1;31mUnexpected response / Possibly 5xx[0m
[2025-12-09 20:00:37] Origin: [1;31mUnexpected response / Possibly 5xx[0m
[2025-12-09 20:00:39] Origin: [1;31mUnexpected response / Possibly 5xx[0m
[2025-12-09 20:00:41] Origin: [1;31mUnexpected response / Possibly 5xx[0m
[2025-12-09 20:00:43] Origin: [1;31mUnexpected response / Possibly 5xx[0m
[2025-12-09 20:00:46] Origin: [1;31mUnexpected response / Possibly 5xx[0m
[2025-12-09 20:00:48] Origin: [1;31mUnexpected response / Possibly 5xx[0m
[2025-12-09 20:00:50] Origin: [1;31mUnexpected response / Possibly 5xx[0m
[2025-12-09 20:00:52] Origin: [1;31mUnexpected response / Possibly 5xx[0m
[2025-12-09 20:00:54] Origin: [1;31mUnexpected response / Possibly 5xx[0m
[2025-12-09 20:00:56] Origin: [1;31mUnexpected response / Possibly 5xx[0m
[2025-12-09 20:00:59] Origin: [1;31mUnexpected response / Possibly 5xx[0m
[2025-12-09 20:01:01] Origin: [1;31mUnexpected response / Possibly 5xx[0m
[2025-12-09 20:01:03] Origin: [1;31mUnexpected response / Possibly 5xx[0m
[2025-12-09 20:01:05] Origin: [1;31mUnexpected response / Possibly 5xx[0m
[2025-12-09 20:01:09] Origin: [1;31mUnexpected response / Possibly 5xx[0m
[2025-12-09 20:01:11] Origin: [1;31mUnexpected response / Possibly 5xx[0m
[2025-12-09 20:01:13] Origin: [1;31mUnexpected response / Possibly 5xx[0m
[2025-12-09 20:01:16] Origin: [1;31mUnexpected response / Possibly 5xx[0m
[2025-12-09 20:01:18] Origin: [1;31mUnexpected response / Possibly 5xx[0m
[2025-12-09 20:01:20] Origin: [1;31mUnexpected response / Possibly 5xx[0m
[2025-12-09 20:01:22] Origin: [1;31mUnexpected response / Possibly 5xx[0m
[2025-12-09 20:01:24] Origin: [1;31mUnexpected response / Possibly 5xx[0m
[2025-12-09 20:01:26] Origin: [1;31mUnexpected response / Possibly 5xx[0m
[2025-12-09 20:01:29] Origin: [1;31mUnexpected response / Possibly 5xx[0m
[2025-12-09 20:01:31] Origin: [1;31mUnexpected response / Possibly 5xx[0m
[2025-12-09 20:01:33] Origin: [1;31mUnexpected response / Possibly 5xx[0m
[2025-12-09 20:01:35] Origin: [1;31mUnexpected response / Possibly 5xx[0m
[2025-12-09 20:01:37] Origin: [1;31mUnexpected response / Possibly 5xx[0m
[2025-12-09 20:01:39] Origin: [1;31mUnexpected response / Possibly 5xx[0m
[2025-12-09 20:01:43] Origin: [1;31mUnexpected response / Possibly 5xx[0m
[2025-12-09 20:01:45] Origin: [1;31mUnexpected response / Possibly 5xx[0m
[2025-12-09 20:01:48] Origin: [1;31mUnexpected response / Possibly 5xx[0m
[2025-12-09 20:01:50] Origin: [1;31mUnexpected response / Possibly 5xx[0m
[2025-12-09 20:01:52] Origin: [1;31mUnexpected response / Possibly 5xx[0m
[2025-12-09 20:01:54] Origin: [1;31mUnexpected response / Possibly 5xx[0m
[2025-12-09 20:01:56] Origin: [1;31mUnexpected response / Possibly 5xx[0m
[2025-12-09 20:01:59] Origin: [1;31mUnexpected response / Possibly 5xx[0m
============================================================
 CloudFront Failover Test Started
 Target: https://d1ysm0bdh2n82i.cloudfront.net
 Logging to: failover.log
============================================================
[2025-12-09 20:09:50] Origin: [1;31mUnexpected response / Possibly 5xx[0m
[2025-12-09 20:09:53] Origin: [1;31mUnexpected response / Possibly 5xx[0m
[2025-12-09 20:09:55] Origin: [1;31mUnexpected response / Possibly 5xx[0m
[2025-12-09 20:09:58] Origin: [1;31mUnexpected response / Possibly 5xx[0m
[2025-12-09 20:10:00] Origin: [1;31mUnexpected response / Possibly 5xx[0m
[2025-12-09 20:10:03] Origin: [1;31mUnexpected response / Possibly 5xx[0m
[2025-12-09 20:10:05] Origin: [1;31mUnexpected response / Possibly 5xx[0m
[2025-12-09 20:10:07] Origin: [1;31mUnexpected response / Possibly 5xx[0m
[2025-12-09 20:10:09] Origin: [1;31mUnexpected response / Possibly 5xx[0m
[2025-12-09 20:10:11] Origin: [1;31mUnexpected response / Possibly 5xx[0m
[2025-12-09 20:10:14] Origin: [1;31mUnexpected response / Possibly 5xx[0m
[2025-12-09 20:10:16] Origin: [1;31mUnexpected response / Possibly 5xx[0m
[2025-12-09 20:10:18] Origin: [1;31mUnexpected response / Possibly 5xx[0m
[2025-12-09 20:10:20] Origin: [1;31mUnexpected response / Possibly 5xx[0m
[2025-12-09 20:10:22] Origin: [1;31mUnexpected response / Possibly 5xx[0m
[2025-12-09 20:10:24] Origin: [1;31mUnexpected response / Possibly 5xx[0m
[2025-12-09 20:10:27] Origin: [1;31mUnexpected response / Possibly 5xx[0m
[2025-12-09 20:10:29] Origin: [1;31mUnexpected response / Possibly 5xx[0m
[2025-12-09 20:10:31] Origin: [1;31mUnexpected response / Possibly 5xx[0m
[2025-12-09 20:10:33] Origin: [1;31mUnexpected response / Possibly 5xx[0m
[2025-12-09 20:10:35] Origin: [1;31mUnexpected response / Possibly 5xx[0m
[2025-12-09 20:10:38] Origin: [1;31mUnexpected response / Possibly 5xx[0m
[2025-12-09 20:10:40] Origin: [1;31mUnexpected response / Possibly 5xx[0m
[2025-12-09 20:10:42] Origin: [1;31mUnexpected response / Possibly 5xx[0m
[2025-12-09 20:10:44] Origin: [1;31mUnexpected response / Possibly 5xx[0m
[2025-12-09 20:10:46] Origin: [1;31mUnexpected response / Possibly 5xx[0m
[2025-12-09 20:10:48] Origin: [1;31mUnexpected response / Possibly 5xx[0m
[2025-12-09 20:10:51] Origin: [1;31mUnexpected response / Possibly 5xx[0m
[2025-12-09 20:10:53] Origin: [1;31mUnexpected response / Possibly 5xx[0m
[2025-12-09 20:10:55] Origin: [1;31mUnexpected response / Possibly 5xx[0m
[2025-12-09 20:10:57] Origin: [1;31mUnexpected response / Possibly 5xx[0m
[2025-12-09 20:10:59] Origin: [1;31mUnexpected response / Possibly 5xx[0m
[2025-12-09 20:11:02] Origin: [1;31mUnexpected response / Possibly 5xx[0m
[2025-12-09 20:11:04] Origin: [1;31mUnexpected response / Possibly 5xx[0m
[2025-12-09 20:11:06] Origin: [1;31mUnexpected response / Possibly 5xx[0m
[2025-12-09 20:11:08] Origin: [1;31mUnexpected response / Possibly 5xx[0m
[2025-12-09 20:11:10] Origin: [1;31mUnexpected response / Possibly 5xx[0m
[2025-12-09 20:11:13] Origin: [1;31mUnexpected response / Possibly 5xx[0m
[2025-12-09 20:11:15] Origin: [1;31mUnexpected response / Possibly 5xx[0m
[2025-12-09 20:11:17] Origin: [1;31mUnexpected response / Possibly 5xx[0m
[2025-12-09 20:11:19] Origin: [1;31mUnexpected response / Possibly 5xx[0m
[2025-12-09 20:11:21] Origin: [1;31mUnexpected response / Possibly 5xx[0m
[2025-12-09 20:11:23] Origin: [1;31mUnexpected response / Possibly 5xx[0m
[2025-12-09 20:11:26] Origin: [1;31mUnexpected response / Possibly 5xx[0m
[2025-12-09 20:11:28] Origin: [1;31mUnexpected response / Possibly 5xx[0m
[2025-12-09 20:11:31] Origin: [1;31mUnexpected response / Possibly 5xx[0m
[2025-12-09 20:11:33] Origin: [1;31mUnexpected response / Possibly 5xx[0m
[2025-12-09 20:11:36] Origin: [1;31mUnexpected response / Possibly 5xx[0m
[2025-12-09 20:11:38] Origin: [1;31mUnexpected response / Possibly 5xx[0m
[2025-12-09 20:11:40] Origin: [1;31mUnexpected response / Possibly 5xx[0m
[2025-12-09 20:11:42] Origin: [1;31mUnexpected response / Possibly 5xx[0m
[2025-12-09 20:11:44] Origin: [1;31mUnexpected response / Possibly 5xx[0m
[2025-12-09 20:11:46] Origin: [1;31mUnexpected response / Possibly 5xx[0m
[2025-12-09 20:11:49] Origin: [1;31mUnexpected response / Possibly 5xx[0m
[2025-12-09 20:11:51] Origin: [1;31mUnexpected response / Possibly 5xx[0m
[2025-12-09 20:11:53] Origin: [1;31mUnexpected response / Possibly 5xx[0m
[2025-12-09 20:11:55] Origin: [1;31mUnexpected response / Possibly 5xx[0m
[2025-12-09 20:11:58] Origin: [1;31mUnexpected response / Possibly 5xx[0m
[2025-12-09 20:12:00] Origin: [1;31mUnexpected response / Possibly 5xx[0m
[2025-12-09 20:12:02] Origin: [1;31mUnexpected response / Possibly 5xx[0m
[2025-12-09 20:12:04] Origin: [1;31mUnexpected response / Possibly 5xx[0m
[2025-12-09 20:12:06] Origin: [1;31mUnexpected response / Possibly 5xx[0m
[2025-12-09 20:12:09] Origin: [1;31mUnexpected response / Possibly 5xx[0m
[2025-12-09 20:12:11] Origin: [1;31mUnexpected response / Possibly 5xx[0m
[2025-12-09 20:12:13] Origin: [1;31mUnexpected response / Possibly 5xx[0m
[2025-12-09 20:12:15] Origin: [1;31mUnexpected response / Possibly 5xx[0m
[2025-12-09 20:12:17] Origin: [1;31mUnexpected response / Possibly 5xx[0m
[2025-12-09 20:12:20] Origin: [1;31mUnexpected response / Possibly 5xx[0m
[2025-12-09 20:12:22] Origin: [1;31mUnexpected response / Possibly 5xx[0m
[2025-12-09 20:12:24] Origin: [1;31mUnexpected response / Possibly 5xx[0m
[2025-12-09 20:12:26] Origin: [1;31mUnexpected response / Possibly 5xx[0m
[2025-12-09 20:12:29] Origin: [1;31mUnexpected response / Possibly 5xx[0m
[2025-12-09 20:12:31] Origin: [1;31mUnexpected response / Possibly 5xx[0m
[2025-12-09 20:12:33] Origin: [1;31mUnexpected response / Possibly 5xx[0m
[2025-12-09 20:12:35] Origin: [1;31mUnexpected response / Possibly 5xx[0m
[2025-12-09 20:12:37] Origin: [1;31mUnexpected response / Possibly 5xx[0m
[2025-12-09 20:12:40] Origin: [1;31mUnexpected response / Possibly 5xx[0m
[2025-12-09 20:12:42] Origin: [1;31mUnexpected response / Possibly 5xx[0m
[2025-12-09 20:12:44] Origin: [1;31mUnexpected response / Possibly 5xx[0m
[2025-12-09 20:12:46] Origin: [1;31mUnexpected response / Possibly 5xx[0m
[2025-12-09 20:12:48] Origin: [1;31mUnexpected response / Possibly 5xx[0m
[2025-12-09 20:12:51] Origin: [1;31mUnexpected response / Possibly 5xx[0m
[2025-12-09 20:12:53] Origin: [1;31mUnexpected response / Possibly 5xx[0m
[2025-12-09 20:12:55] Origin: [1;31mUnexpected response / Possibly 5xx[0m
[2025-12-09 20:12:57] Origin: [1;31mUnexpected response / Possibly 5xx[0m
[2025-12-09 20:12:59] Origin: [1;31mUnexpected response / Possibly 5xx[0m
[2025-12-09 20:13:02] Origin: [1;31mUnexpected response / Possibly 5xx[0m
[2025-12-09 20:13:06] Origin: [1;31mUnexpected response / Possibly 5xx[0m
[2025-12-09 20:13:09] Origin: [1;31mUnexpected response / Possibly 5xx[0m
[2025-12-09 20:13:11] Origin: [1;31mUnexpected response / Possibly 5xx[0m
[2025-12-09 20:13:14] Origin: [1;31mUnexpected response / Possibly 5xx[0m
[2025-12-09 20:13:16] Origin: [1;31mUnexpected response / Possibly 5xx[0m
[2025-12-09 20:13:18] Origin: [1;31mUnexpected response / Possibly 5xx[0m
[2025-12-09 20:13:20] Origin: [1;31mUnexpected response / Possibly 5xx[0m
[2025-12-09 20:13:22] Origin: [1;31mUnexpected response / Possibly 5xx[0m
[2025-12-09 20:13:24] Origin: [1;31mUnexpected response / Possibly 5xx[0m
[2025-12-09 20:13:27] Origin: [1;31mUnexpected response / Possibly 5xx[0m
[2025-12-09 20:13:29] Origin: [1;31mUnexpected response / Possibly 5xx[0m
[2025-12-09 20:13:31] Origin: [1;31mUnexpected response / Possibly 5xx[0m
[2025-12-09 20:13:33] Origin: [1;31mUnexpected response / Possibly 5xx[0m
============================================================
 CloudFront Failover Test Started
 Target: https://d1ysm0bdh2n82i.cloudfront.net
 Logging to: failover.log
============================================================
[2025-12-09 21:59:10] ❌ ERROR: No response (timeout or connection issue)
[2025-12-09 21:59:15] ❌ ERROR: No response (timeout or connection issue)
[2025-12-09 21:59:20] ❌ ERROR: No response (timeout or connection issue)
[2025-12-09 21:59:25] ❌ ERROR: No response (timeout or connection issue)
[2025-12-09 21:59:30] ❌ ERROR: No response (timeout or connection issue)
[2025-12-09 21:59:35] ❌ ERROR: No response (timeout or connection issue)
[2025-12-09 21:59:40] ❌ ERROR: No response (timeout or connection issue)
[2025-12-09 21:59:45] ❌ ERROR: No response (timeout or connection issue)
[2025-12-09 21:59:50] ❌ ERROR: No response (timeout or connection issue)
[2025-12-09 21:59:55] ❌ ERROR: No response (timeout or connection issue)
[2025-12-09 22:00:00] ❌ ERROR: No response (timeout or connection issue)
[2025-12-09 22:00:05] ❌ ERROR: No response (timeout or connection issue)
[2025-12-09 22:00:10] ❌ ERROR: No response (timeout or connection issue)
[2025-12-09 22:00:15] ❌ ERROR: No response (timeout or connection issue)
[2025-12-09 22:00:21] ❌ ERROR: No response (timeout or connection issue)
[2025-12-09 22:00:26] ❌ ERROR: No response (timeout or connection issue)
[2025-12-09 22:00:31] ❌ ERROR: No response (timeout or connection issue)
[2025-12-09 22:00:36] ❌ ERROR: No response (timeout or connection issue)
[2025-12-09 22:00:41] ❌ ERROR: No response (timeout or connection issue)
[2025-12-09 22:00:46] ❌ ERROR: No response (timeout or connection issue)
[2025-12-09 22:00:51] ❌ ERROR: No response (timeout or connection issue)
[2025-12-09 22:00:56] ❌ ERROR: No response (timeout or connection issue)
[2025-12-09 22:01:01] ❌ ERROR: No response (timeout or connection issue)
[2025-12-09 22:01:06] ❌ ERROR: No response (timeout or connection issue)
[2025-12-09 22:01:11] ❌ ERROR: No response (timeout or connection issue)
[2025-12-09 22:01:17] ❌ ERROR: No response (timeout or connection issue)
[2025-12-09 22:01:22] ❌ ERROR: No response (timeout or connection issue)
[2025-12-09 22:01:27] ❌ ERROR: No response (timeout or connection issue)
[2025-12-09 22:01:32] ❌ ERROR: No response (timeout or connection issue)
[2025-12-09 22:01:37] ❌ ERROR: No response (timeout or connection issue)
[2025-12-09 22:01:42] ❌ ERROR: No response (timeout or connection issue)
============================================================
 CloudFront Failover Test Started
 Target: https://d1ysm0bdh2n82i.cloudfront.net
 Logging to: failover.log
============================================================
[2025-12-09 22:17:01] Origin: [1;31mUnexpected response / Possibly 5xx[0m
[2025-12-09 22:17:03] Origin: [1;31mUnexpected response / Possibly 5xx[0m
[2025-12-09 22:17:06] Origin: [1;31mUnexpected response / Possibly 5xx[0m
[2025-12-09 22:17:08] Origin: [1;31mUnexpected response / Possibly 5xx[0m
[2025-12-09 22:17:10] Origin: [1;31mUnexpected response / Possibly 5xx[0m
[2025-12-09 22:17:13] Origin: [1;31mUnexpected response / Possibly 5xx[0m
[2025-12-09 22:17:15] Origin: [1;31mUnexpected response / Possibly 5xx[0m
[2025-12-09 22:17:18] Origin: [1;31mUnexpected response / Possibly 5xx[0m
[2025-12-09 22:17:20] Origin: [1;31mUnexpected response / Possibly 5xx[0m
[2025-12-09 22:17:22] Origin: [1;31mUnexpected response / Possibly 5xx[0m
[2025-12-09 22:17:24] Origin: [1;31mUnexpected response / Possibly 5xx[0m
[2025-12-09 22:17:27] Origin: [1;31mUnexpected response / Possibly 5xx[0m
[2025-12-09 22:17:29] Origin: [1;31mUnexpected response / Possibly 5xx[0m
[2025-12-09 22:17:31] Origin: [1;31mUnexpected response / Possibly 5xx[0m
[2025-12-09 22:17:33] Origin: [1;31mUnexpected response / Possibly 5xx[0m
[2025-12-09 22:17:35] Origin: [1;31mUnexpected response / Possibly 5xx[0m
[2025-12-09 22:17:38] Origin: [1;31mUnexpected response / Possibly 5xx[0m
[2025-12-09 22:17:40] Origin: [1;31mUnexpected response / Possibly 5xx[0m
[2025-12-09 22:17:42] Origin: [1;31mUnexpected response / Possibly 5xx[0m
[2025-12-09 22:17:44] Origin: [1;31mUnexpected response / Possibly 5xx[0m
[2025-12-09 22:17:46] Origin: [1;31mUnexpected response / Possibly 5xx[0m
[2025-12-09 22:17:49] Origin: [1;31mUnexpected response / Possibly 5xx[0m
[2025-12-09 22:17:51] Origin: [1;31mUnexpected response / Possibly 5xx[0m
[2025-12-09 22:17:53] Origin: [1;31mUnexpected response / Possibly 5xx[0m
[2025-12-09 22:17:55] Origin: [1;31mUnexpected response / Possibly 5xx[0m
[2025-12-09 22:17:57] Origin: [1;31mUnexpected response / Possibly 5xx[0m
[2025-12-09 22:18:00] Origin: [1;31mUnexpected response / Possibly 5xx[0m
[2025-12-09 22:18:02] Origin: [1;31mUnexpected response / Possibly 5xx[0m
[2025-12-09 22:18:04] Origin: [1;31mUnexpected response / Possibly 5xx[0m
[2025-12-09 22:18:06] Origin: [1;31mUnexpected response / Possibly 5xx[0m
[2025-12-09 22:18:08] Origin: [1;31mUnexpected response / Possibly 5xx[0m
[2025-12-09 22:18:10] Origin: [1;31mUnexpected response / Possibly 5xx[0m
[2025-12-09 22:18:13] Origin: [1;31mUnexpected response / Possibly 5xx[0m
[2025-12-09 22:18:15] Origin: [1;31mUnexpected response / Possibly 5xx[0m
[2025-12-09 22:18:17] Origin: [1;31mUnexpected response / Possibly 5xx[0m
[2025-12-09 22:18:19] Origin: [1;31mUnexpected response / Possibly 5xx[0m
[2025-12-09 22:18:21] Origin: [1;31mUnexpected response / Possibly 5xx[0m
[2025-12-09 22:18:24] Origin: [1;31mUnexpected response / Possibly 5xx[0m
[2025-12-09 22:18:26] Origin: [1;31mUnexpected response / Possibly 5xx[0m
[2025-12-09 22:18:28] Origin: [1;31mUnexpected response / Possibly 5xx[0m
[2025-12-09 22:18:30] Origin: [1;31mUnexpected response / Possibly 5xx[0m
[2025-12-09 22:18:32] Origin: [1;31mUnexpected response / Possibly 5xx[0m
[2025-12-09 22:18:35] Origin: [1;31mUnexpected response / Possibly 5xx[0m
============================================================
 CloudFront Failover Test Started
 Target: https://d1ysm0bdh2n82i.cloudfront.net
 Logging to: failover.log
============================================================
[2025-12-09 22:21:38] Origin: [1;31mUnexpected response / Possibly 5xx[0m
[2025-12-09 22:21:40] Origin: [1;31mUnexpected response / Possibly 5xx[0m
[2025-12-09 22:21:42] Origin: [1;31mUnexpected response / Possibly 5xx[0m
[2025-12-09 22:21:45] Origin: [1;31mUnexpected response / Possibly 5xx[0m
[2025-12-09 22:21:48] Origin: [1;31mUnexpected response / Possibly 5xx[0m
[2025-12-09 22:21:50] Origin: [1;31mUnexpected response / Possibly 5xx[0m
[2025-12-09 22:21:53] Origin: [1;31mUnexpected response / Possibly 5xx[0m
[2025-12-09 22:21:55] Origin: [1;31mUnexpected response / Possibly 5xx[0m
[2025-12-09 22:21:57] Origin: [1;31mUnexpected response / Possibly 5xx[0m
[2025-12-09 22:21:59] Origin: [1;31mUnexpected response / Possibly 5xx[0m
============================================================
 CloudFront Failover Test Started
 Target: https://d1ysm0bdh2n82i.cloudfront.net
 Logging to: failover.log
============================================================
[2025-12-09 23:32:42] Origin: [1;32mPrimary Region (AZ unknown)[0m
[2025-12-09 23:32:45] Origin: [1;32mPrimary Region (AZ unknown)[0m
[2025-12-09 23:32:47] Origin: [1;32mPrimary Region (AZ unknown)[0m
[2025-12-09 23:32:49] Origin: [1;32mPrimary Region (AZ unknown)[0m
[2025-12-09 23:32:52] Origin: [1;32mPrimary Region (AZ unknown)[0m
[2025-12-09 23:32:54] Origin: [1;32mPrimary Region (AZ unknown)[0m
[2025-12-09 23:32:56] Origin: [1;32mPrimary Region (AZ unknown)[0m
[2025-12-09 23:32:59] Origin: [1;32mPrimary Region (AZ unknown)[0m
[2025-12-09 23:33:01] Origin: [1;32mPrimary Region (AZ unknown)[0m
[2025-12-09 23:33:03] Origin: [1;32mPrimary Region (AZ unknown)[0m
============================================================
 CloudFront Failover Test Started
 Target: https://d1ysm0bdh2n82i.cloudfront.net
 Logging to: failover.log
============================================================
[2025-12-10 20:03:18] Origin: [1;32mPrimary Region - Instance 1 (AZ 2)[0m
[2025-12-10 20:03:21] Origin: [1;32mPrimary Region - Instance 1 (AZ 2)[0m
[2025-12-10 20:03:23] Origin: [1;32mPrimary Region - Instance 1 (AZ 2)[0m
[2025-12-10 20:03:25] Origin: [1;32mPrimary Region - Instance 1 (AZ 2)[0m
[2025-12-10 20:03:28] Origin: [1;32mPrimary Region - Instance 1 (AZ 2)[0m
[2025-12-10 20:03:30] Origin: [1;32mPrimary Region - Instance 1 (AZ 2)[0m
[2025-12-10 20:03:33] Origin: [1;32mPrimary Region - Instance 1 (AZ 2)[0m
[2025-12-10 20:03:35] Origin: [1;32mPrimary Region - Instance 1 (AZ 2)[0m
[2025-12-10 20:03:37] Origin: [1;32mPrimary Region - Instance 1 (AZ 2)[0m
[2025-12-10 20:03:39] Origin: [1;32mPrimary Region - Instance 1 (AZ 2)[0m
[2025-12-10 20:03:41] Origin: [1;32mPrimary Region - Instance 1 (AZ 2)[0m
[2025-12-10 20:03:43] Origin: [1;32mPrimary Region - Instance 1 (AZ 2)[0m
[2025-12-10 20:03:46] Origin: [1;32mPrimary Region - Instance 1 (AZ 2)[0m
[2025-12-10 20:03:48] Origin: [1;32mPrimary Region - Instance 1 (AZ 2)[0m
[2025-12-10 20:03:50] Origin: [1;32mPrimary Region - Instance 1 (AZ 2)[0m
[2025-12-10 20:03:52] Origin: [1;32mPrimary Region - Instance 1 (AZ 2)[0m
[2025-12-10 20:03:54] Origin: [1;32mPrimary Region - Instance 1 (AZ 2)[0m
[2025-12-10 20:03:56] Origin: [1;32mPrimary Region - Instance 1 (AZ 2)[0m
[2025-12-10 20:03:59] Origin: [1;32mPrimary Region - Instance 1 (AZ 2)[0m
[2025-12-10 20:04:02] Origin: [1;32mPrimary Region - Instance 1 (AZ 2)[0m
[2025-12-10 20:04:04] Origin: [1;32mPrimary Region - Instance 1 (AZ 2)[0m
============================================================
 CloudFront Failover Test Started
 Target: https://d31g56rydjfsd8.cloudfront.net
 Logging to: failover.log
============================================================
[2025-12-10 22:26:23] Origin: [1;32mPrimary Region - Instance 0 (AZ 1)[0m
[2025-12-10 22:26:25] Origin: [1;32mPrimary Region - Instance 0 (AZ 1)[0m
[2025-12-10 22:26:28] Origin: [1;32mPrimary Region - Instance 0 (AZ 1)[0m
[2025-12-10 22:26:31] Origin: [1;32mPrimary Region - Instance 0 (AZ 1)[0m
[2025-12-10 22:26:34] Origin: [1;32mPrimary Region - Instance 0 (AZ 1)[0m
[2025-12-10 22:26:36] Origin: [1;32mPrimary Region - Instance 0 (AZ 1)[0m
[2025-12-10 22:26:39] Origin: [1;32mPrimary Region - Instance 0 (AZ 1)[0m
[2025-12-10 22:26:41] Origin: [1;32mPrimary Region - Instance 0 (AZ 1)[0m
[2025-12-10 22:26:43] Origin: [1;32mPrimary Region - Instance 0 (AZ 1)[0m
[2025-12-10 22:26:45] Origin: [1;32mPrimary Region - Instance 0 (AZ 1)[0m
[2025-12-10 22:26:47] Origin: [1;32mPrimary Region - Instance 0 (AZ 1)[0m
[2025-12-10 22:26:49] Origin: [1;32mPrimary Region - Instance 0 (AZ 1)[0m
[2025-12-10 22:26:52] Origin: [1;32mPrimary Region - Instance 0 (AZ 1)[0m
[2025-12-10 22:26:54] Origin: [1;32mPrimary Region - Instance 0 (AZ 1)[0m
[2025-12-10 22:26:56] Origin: [1;32mPrimary Region - Instance 0 (AZ 1)[0m
============================================================
 CloudFront Failover Test Started
 Target: https://d31g56rydjfsd8.cloudfront.net
 Logging to: failover.log
============================================================
[2025-12-10 23:51:13] Origin: [1;32mPrimary Region - Instance 1 (AZ 2)[0m
[2025-12-10 23:51:15] Origin: [1;32mPrimary Region - Instance 1 (AZ 2)[0m
[2025-12-10 23:51:18] Origin: [1;32mPrimary Region - Instance 1 (AZ 2)[0m
[2025-12-10 23:51:20] Origin: [1;32mPrimary Region - Instance 1 (AZ 2)[0m
[2025-12-10 23:51:23] Origin: [1;32mPrimary Region - Instance 1 (AZ 2)[0m
[2025-12-10 23:51:25] Origin: [1;32mPrimary Region - Instance 1 (AZ 2)[0m
[2025-12-10 23:51:27] Origin: [1;32mPrimary Region - Instance 1 (AZ 2)[0m
[2025-12-10 23:51:30] Origin: [1;32mPrimary Region - Instance 1 (AZ 2)[0m
[2025-12-10 23:51:32] Origin: [1;32mPrimary Region - Instance 1 (AZ 2)[0m
[2025-12-10 23:51:34] Origin: [1;32mPrimary Region - Instance 1 (AZ 2)[0m
[2025-12-10 23:51:36] Origin: [1;32mPrimary Region - Instance 1 (AZ 2)[0m
[2025-12-10 23:51:38] Origin: [1;32mPrimary Region - Instance 1 (AZ 2)[0m
[2025-12-10 23:51:40] Origin: [1;32mPrimary Region - Instance 1 (AZ 2)[0m
[2025-12-10 23:51:43] Origin: [1;32mPrimary Region - Instance 1 (AZ 2)[0m
[2025-12-10 23:51:45] Origin: [1;32mPrimary Region - Instance 1 (AZ 2)[0m
[2025-12-10 23:51:47] Origin: [1;32mPrimary Region - Instance 1 (AZ 2)[0m
[2025-12-10 23:51:49] Origin: [1;32mPrimary Region - Instance 1 (AZ 2)[0m
[2025-12-10 23:51:51] Origin: [1;32mPrimary Region - Instance 1 (AZ 2)[0m
[2025-12-10 23:51:53] Origin: [1;32mPrimary Region - Instance 1 (AZ 2)[0m
============================================================
 CloudFront Failover Test Started
 Target: https://d31g56rydjfsd8.cloudfront.net
 Logging to: failover.log
============================================================
[2025-12-11 21:41:03] Origin: [1;32mPrimary Region - Instance 0 (AZ 1)[0m
[2025-12-11 21:41:05] Origin: [1;32mPrimary Region - Instance 0 (AZ 1)[0m
[2025-12-11 21:41:08] Origin: [1;32mPrimary Region - Instance 0 (AZ 1)[0m
[2025-12-11 21:41:10] Origin: [1;32mPrimary Region - Instance 0 (AZ 1)[0m
[2025-12-11 21:41:13] Origin: [1;32mPrimary Region - Instance 0 (AZ 1)[0m
[2025-12-11 21:41:16] Origin: [1;32mPrimary Region - Instance 0 (AZ 1)[0m
[2025-12-11 21:41:18] Origin: [1;32mPrimary Region - Instance 0 (AZ 1)[0m
[2025-12-11 21:41:20] Origin: [1;32mPrimary Region - Instance 0 (AZ 1)[0m
[2025-12-11 21:41:22] Origin: [1;32mPrimary Region - Instance 0 (AZ 1)[0m
[2025-12-11 21:41:25] Origin: [1;32mPrimary Region - Instance 0 (AZ 1)[0m
[2025-12-11 21:41:27] Origin: [1;32mPrimary Region - Instance 0 (AZ 1)[0m
[2025-12-11 21:41:29] Origin: [1;32mPrimary Region - Instance 0 (AZ 1)[0m
[2025-12-11 21:41:31] Origin: [1;32mPrimary Region - Instance 0 (AZ 1)[0m
[2025-12-11 21:41:34] Origin: [1;32mPrimary Region - Instance 0 (AZ 1)[0m
[2025-12-11 21:41:36] Origin: [1;32mPrimary Region - Instance 0 (AZ 1)[0m
[2025-12-11 21:41:38] Origin: [1;32mPrimary Region - Instance 0 (AZ 1)[0m
[2025-12-11 21:41:40] Origin: [1;32mPrimary Region - Instance 0 (AZ 1)[0m
[2025-12-11 21:41:43] Origin: [1;32mPrimary Region - Instance 0 (AZ 1)[0m
[2025-12-11 21:41:45] Origin: [1;32mPrimary Region - Instance 0 (AZ 1)[0m
[2025-12-11 21:41:47] Origin: [1;32mPrimary Region - Instance 0 (AZ 1)[0m
[2025-12-11 21:41:49] Origin: [1;32mPrimary Region - Instance 0 (AZ 1)[0m
[2025-12-11 21:41:51] Origin: [1;32mPrimary Region - Instance 0 (AZ 1)[0m
[2025-12-11 21:41:54] Origin: [1;32mPrimary Region - Instance 0 (AZ 1)[0m
[2025-12-11 21:41:56] Origin: [1;32mPrimary Region - Instance 0 (AZ 1)[0m
[2025-12-11 21:41:58] Origin: [1;32mPrimary Region - Instance 0 (AZ 1)[0m
[2025-12-11 21:42:00] Origin: [1;32mPrimary Region - Instance 0 (AZ 1)[0m
[2025-12-11 21:42:02] Origin: [1;32mPrimary Region - Instance 0 (AZ 1)[0m
[2025-12-11 21:42:05] Origin: [1;32mPrimary Region - Instance 0 (AZ 1)[0m
[2025-12-11 21:42:08] Origin: [1;32mPrimary Region - Instance 0 (AZ 1)[0m
[2025-12-11 21:42:10] Origin: [1;32mPrimary Region - Instance 0 (AZ 1)[0m
[2025-12-11 21:42:12] Origin: [1;32mPrimary Region - Instance 0 (AZ 1)[0m
[2025-12-11 21:42:14] Origin: [1;32mPrimary Region - Instance 0 (AZ 1)[0m
[2025-12-11 21:42:17] Origin: [1;32mPrimary Region - Instance 0 (AZ 1)[0m
[2025-12-11 21:42:19] Origin: [1;32mPrimary Region - Instance 0 (AZ 1)[0m
[2025-12-11 21:42:21] Origin: [1;32mPrimary Region - Instance 0 (AZ 1)[0m
[2025-12-11 21:42:23] Origin: [1;32mPrimary Region - Instance 0 (AZ 1)[0m
[2025-12-11 21:42:25] Origin: [1;32mPrimary Region - Instance 0 (AZ 1)[0m
[2025-12-11 21:42:28] Origin: [1;32mPrimary Region - Instance 0 (AZ 1)[0m
[2025-12-11 21:42:30] Origin: [1;32mPrimary Region - Instance 0 (AZ 1)[0m
[2025-12-11 21:42:33] Origin: [1;32mPrimary Region - Instance 0 (AZ 1)[0m
[2025-12-11 21:42:35] Origin: [1;32mPrimary Region - Instance 0 (AZ 1)[0m
[2025-12-11 21:42:38] Origin: [1;32mPrimary Region - Instance 0 (AZ 1)[0m
[2025-12-11 21:42:40] Origin: [1;32mPrimary Region - Instance 0 (AZ 1)[0m
[2025-12-11 21:42:42] Origin: [1;32mPrimary Region - Instance 0 (AZ 1)[0m
[2025-12-11 21:42:45] Origin: [1;32mPrimary Region - Instance 0 (AZ 1)[0m
[2025-12-11 21:42:47] Origin: [1;32mPrimary Region - Instance 0 (AZ 1)[0m
[2025-12-11 21:42:49] Origin: [1;32mPrimary Region - Instance 0 (AZ 1)[0m
[2025-12-11 21:42:52] Origin: [1;32mPrimary Region - Instance 0 (AZ 1)[0m
[2025-12-11 21:42:54] Origin: [1;32mPrimary Region - Instance 0 (AZ 1)[0m
[2025-12-11 21:42:56] Origin: [1;32mPrimary Region - Instance 0 (AZ 1)[0m
[2025-12-11 21:42:58] Origin: [1;32mPrimary Region - Instance 0 (AZ 1)[0m
[2025-12-11 21:43:00] Origin: [1;32mPrimary Region - Instance 0 (AZ 1)[0m
[2025-12-11 21:43:03] Origin: [1;32mPrimary Region - Instance 0 (AZ 1)[0m
[2025-12-11 21:43:05] Origin: [1;32mPrimary Region - Instance 0 (AZ 1)[0m
[2025-12-11 21:43:07] Origin: [1;32mPrimary Region - Instance 0 (AZ 1)[0m
[2025-12-11 21:43:09] Origin: [1;32mPrimary Region - Instance 0 (AZ 1)[0m
[2025-12-11 21:43:12] Origin: [1;32mPrimary Region - Instance 0 (AZ 1)[0m
[2025-12-11 21:43:14] Origin: [1;32mPrimary Region - Instance 0 (AZ 1)[0m
[2025-12-11 21:43:16] Origin: [1;32mPrimary Region - Instance 0 (AZ 1)[0m
[2025-12-11 21:43:18] Origin: [1;32mPrimary Region - Instance 0 (AZ 1)[0m
[2025-12-11 21:43:21] Origin: [1;32mPrimary Region - Instance 0 (AZ 1)[0m
[2025-12-11 21:43:23] Origin: [1;32mPrimary Region - Instance 0 (AZ 1)[0m
[2025-12-11 21:43:25] Origin: [1;32mPrimary Region - Instance 0 (AZ 1)[0m
[2025-12-11 21:43:27] Origin: [1;32mPrimary Region - Instance 0 (AZ 1)[0m
[2025-12-11 21:43:29] Origin: [1;32mPrimary Region - Instance 0 (AZ 1)[0m
[2025-12-11 21:43:31] Origin: [1;32mPrimary Region - Instance 0 (AZ 1)[0m
[2025-12-11 21:43:34] Origin: [1;32mPrimary Region - Instance 0 (AZ 1)[0m
[2025-12-11 21:43:36] Origin: [1;32mPrimary Region - Instance 0 (AZ 1)[0m
[2025-12-11 21:43:38] Origin: [1;32mPrimary Region - Instance 0 (AZ 1)[0m
[2025-12-11 21:43:40] Origin: [1;32mPrimary Region - Instance 0 (AZ 1)[0m
[2025-12-11 21:43:42] Origin: [1;32mPrimary Region - Instance 0 (AZ 1)[0m
[2025-12-11 21:43:45] Origin: [1;32mPrimary Region - Instance 0 (AZ 1)[0m
[2025-12-11 21:43:47] Origin: [1;32mPrimary Region - Instance 0 (AZ 1)[0m
[2025-12-11 21:43:49] Origin: [1;32mPrimary Region - Instance 0 (AZ 1)[0m
[2025-12-11 21:43:52] Origin: [1;32mPrimary Region - Instance 0 (AZ 1)[0m
[2025-12-11 21:43:54] Origin: [1;32mPrimary Region - Instance 0 (AZ 1)[0m
[2025-12-11 21:43:56] Origin: [1;32mPrimary Region - Instance 0 (AZ 1)[0m
[2025-12-11 21:43:58] Origin: [1;32mPrimary Region - Instance 0 (AZ 1)[0m
[2025-12-11 21:44:00] Origin: [1;32mPrimary Region - Instance 0 (AZ 1)[0m
[2025-12-11 21:44:03] Origin: [1;32mPrimary Region - Instance 0 (AZ 1)[0m
[2025-12-11 21:44:05] Origin: [1;32mPrimary Region - Instance 0 (AZ 1)[0m
[2025-12-11 21:44:07] Origin: [1;32mPrimary Region - Instance 0 (AZ 1)[0m
[2025-12-11 21:44:09] Origin: [1;32mPrimary Region - Instance 0 (AZ 1)[0m
[2025-12-11 21:44:11] Origin: [1;32mPrimary Region - Instance 0 (AZ 1)[0m
[2025-12-11 21:44:14] Origin: [1;32mPrimary Region - Instance 0 (AZ 1)[0m
[2025-12-11 21:44:18] Origin: [1;32mPrimary Region - Instance 0 (AZ 1)[0m
[2025-12-11 21:44:20] Origin: [1;32mPrimary Region - Instance 0 (AZ 1)[0m
[2025-12-11 21:44:23] Origin: [1;32mPrimary Region - Instance 0 (AZ 1)[0m
[2025-12-11 21:44:27] Origin: [1;32mPrimary Region - Instance 0 (AZ 1)[0m
[2025-12-11 21:44:30] Origin: [1;32mPrimary Region - Instance 0 (AZ 1)[0m
[2025-12-11 21:44:32] Origin: [1;32mPrimary Region - Instance 0 (AZ 1)[0m
[2025-12-11 21:44:34] Origin: [1;32mPrimary Region - Instance 0 (AZ 1)[0m
[2025-12-11 21:44:36] Origin: [1;32mPrimary Region - Instance 0 (AZ 1)[0m
[2025-12-11 21:44:39] Origin: [1;32mPrimary Region - Instance 0 (AZ 1)[0m
[2025-12-11 21:44:41] Origin: [1;32mPrimary Region - Instance 0 (AZ 1)[0m
[2025-12-11 21:44:43] Origin: [1;32mPrimary Region - Instance 0 (AZ 1)[0m
[2025-12-11 21:44:45] Origin: [1;32mPrimary Region - Instance 0 (AZ 1)[0m
[2025-12-11 21:44:47] Origin: [1;32mPrimary Region - Instance 0 (AZ 1)[0m
[2025-12-11 21:44:50] Origin: [1;32mPrimary Region - Instance 0 (AZ 1)[0m
[2025-12-11 21:44:52] Origin: [1;32mPrimary Region - Instance 0 (AZ 1)[0m
[2025-12-11 21:44:54] Origin: [1;32mPrimary Region - Instance 0 (AZ 1)[0m
[2025-12-11 21:44:57] Origin: [1;32mPrimary Region - Instance 0 (AZ 1)[0m
[2025-12-11 21:44:59] Origin: [1;32mPrimary Region - Instance 0 (AZ 1)[0m
[2025-12-11 21:45:01] Origin: [1;32mPrimary Region - Instance 0 (AZ 1)[0m
[2025-12-11 21:45:03] Origin: [1;32mPrimary Region - Instance 0 (AZ 1)[0m
[2025-12-11 21:45:05] Origin: [1;32mPrimary Region - Instance 0 (AZ 1)[0m
[2025-12-11 21:45:08] Origin: [1;32mPrimary Region - Instance 0 (AZ 1)[0m
[2025-12-11 21:45:10] Origin: [1;32mPrimary Region - Instance 0 (AZ 1)[0m
[2025-12-11 21:45:13] Origin: [1;32mPrimary Region - Instance 0 (AZ 1)[0m
[2025-12-11 21:45:16] Origin: [1;32mPrimary Region - Instance 0 (AZ 1)[0m
[2025-12-11 21:45:18] Origin: [1;32mPrimary Region - Instance 0 (AZ 1)[0m
[2025-12-11 21:45:20] Origin: [1;32mPrimary Region - Instance 0 (AZ 1)[0m
[2025-12-11 21:45:23] Origin: [1;32mPrimary Region - Instance 0 (AZ 1)[0m
[2025-12-11 21:45:25] Origin: [1;32mPrimary Region - Instance 0 (AZ 1)[0m
[2025-12-11 21:45:27] Origin: [1;32mPrimary Region - Instance 0 (AZ 1)[0m
[2025-12-11 21:45:29] Origin: [1;32mPrimary Region - Instance 0 (AZ 1)[0m
[2025-12-11 21:45:32] Origin: [1;32mPrimary Region - Instance 0 (AZ 1)[0m
[2025-12-11 21:45:34] Origin: [1;32mPrimary Region - Instance 0 (AZ 1)[0m
[2025-12-11 21:45:36] Origin: [1;32mPrimary Region - Instance 0 (AZ 1)[0m
[2025-12-11 21:45:38] Origin: [1;32mPrimary Region - Instance 0 (AZ 1)[0m
[2025-12-11 21:45:40] Origin: [1;32mPrimary Region - Instance 0 (AZ 1)[0m
[2025-12-11 21:45:43] Origin: [1;32mPrimary Region - Instance 0 (AZ 1)[0m
[2025-12-11 21:45:45] Origin: [1;32mPrimary Region - Instance 0 (AZ 1)[0m
[2025-12-11 21:45:48] Origin: [1;32mPrimary Region - Instance 0 (AZ 1)[0m
[2025-12-11 21:45:50] Origin: [1;32mPrimary Region - Instance 0 (AZ 1)[0m
[2025-12-11 21:45:53] Origin: [1;32mPrimary Region - Instance 0 (AZ 1)[0m
[2025-12-11 21:45:56] Origin: [1;32mPrimary Region - Instance 0 (AZ 1)[0m
[2025-12-11 21:45:59] Origin: [1;32mPrimary Region - Instance 0 (AZ 1)[0m
[2025-12-11 21:46:01] Origin: [1;32mPrimary Region - Instance 0 (AZ 1)[0m
[2025-12-11 21:46:03] Origin: [1;32mPrimary Region - Instance 0 (AZ 1)[0m
[2025-12-11 21:46:05] Origin: [1;32mPrimary Region - Instance 0 (AZ 1)[0m
[2025-12-11 21:46:08] Origin: [1;32mPrimary Region - Instance 0 (AZ 1)[0m
[2025-12-11 21:46:10] Origin: [1;32mPrimary Region - Instance 0 (AZ 1)[0m
[2025-12-11 21:46:12] Origin: [1;32mPrimary Region - Instance 0 (AZ 1)[0m
[2025-12-11 21:46:14] Origin: [1;32mPrimary Region - Instance 0 (AZ 1)[0m
[2025-12-11 21:46:16] Origin: [1;32mPrimary Region - Instance 0 (AZ 1)[0m
[2025-12-11 21:46:18] Origin: [1;32mPrimary Region - Instance 0 (AZ 1)[0m
[2025-12-11 21:46:21] Origin: [1;32mPrimary Region - Instance 0 (AZ 1)[0m
[2025-12-11 21:46:23] Origin: [1;32mPrimary Region - Instance 0 (AZ 1)[0m
[2025-12-11 21:46:25] Origin: [1;32mPrimary Region - Instance 0 (AZ 1)[0m
[2025-12-11 21:46:27] Origin: [1;32mPrimary Region - Instance 0 (AZ 1)[0m
[2025-12-11 21:46:30] Origin: [1;32mPrimary Region - Instance 0 (AZ 1)[0m
[2025-12-11 21:46:32] Origin: [1;32mPrimary Region - Instance 0 (AZ 1)[0m
[2025-12-11 21:46:34] Origin: [1;32mPrimary Region - Instance 0 (AZ 1)[0m
[2025-12-11 21:46:36] Origin: [1;32mPrimary Region - Instance 0 (AZ 1)[0m
[2025-12-11 21:46:38] Origin: [1;32mPrimary Region - Instance 0 (AZ 1)[0m
[2025-12-11 21:46:41] Origin: [1;32mPrimary Region - Instance 0 (AZ 1)[0m
[2025-12-11 21:46:43] Origin: [1;32mPrimary Region - Instance 0 (AZ 1)[0m
[2025-12-11 21:46:45] Origin: [1;32mPrimary Region - Instance 0 (AZ 1)[0m
[2025-12-11 21:46:47] Origin: [1;32mPrimary Region - Instance 0 (AZ 1)[0m
[2025-12-11 21:46:50] Origin: [1;32mPrimary Region - Instance 0 (AZ 1)[0m
[2025-12-11 21:46:52] Origin: [1;32mPrimary Region - Instance 0 (AZ 1)[0m
[2025-12-11 21:46:55] Origin: [1;32mPrimary Region - Instance 0 (AZ 1)[0m
[2025-12-11 21:46:58] Origin: [1;32mPrimary Region - Instance 0 (AZ 1)[0m
[2025-12-11 21:47:00] Origin: [1;32mPrimary Region - Instance 0 (AZ 1)[0m
[2025-12-11 21:47:03] Origin: [1;32mPrimary Region - Instance 0 (AZ 1)[0m
[2025-12-11 21:47:05] Origin: [1;32mPrimary Region - Instance 0 (AZ 1)[0m
[2025-12-11 21:47:07] Origin: [1;32mPrimary Region - Instance 0 (AZ 1)[0m
[2025-12-11 21:47:10] Origin: [1;32mPrimary Region - Instance 0 (AZ 1)[0m
[2025-12-11 21:47:12] Origin: [1;32mPrimary Region - Instance 0 (AZ 1)[0m
[2025-12-11 21:47:14] Origin: [1;32mPrimary Region - Instance 0 (AZ 1)[0m
[2025-12-11 21:47:16] Origin: [1;32mPrimary Region - Instance 0 (AZ 1)[0m
[2025-12-11 21:47:18] Origin: [1;32mPrimary Region - Instance 0 (AZ 1)[0m
[2025-12-11 21:47:21] Origin: [1;32mPrimary Region - Instance 0 (AZ 1)[0m
[2025-12-11 21:47:23] Origin: [1;32mPrimary Region - Instance 0 (AZ 1)[0m
[2025-12-11 21:47:26] Origin: [1;32mPrimary Region - Instance 0 (AZ 1)[0m
[2025-12-11 21:47:29] Origin: [1;32mPrimary Region - Instance 0 (AZ 1)[0m
[2025-12-11 21:47:32] Origin: [1;32mPrimary Region - Instance 0 (AZ 1)[0m
[2025-12-11 21:47:34] Origin: [1;32mPrimary Region - Instance 0 (AZ 1)[0m
[2025-12-11 21:47:37] Origin: [1;32mPrimary Region - Instance 0 (AZ 1)[0m
[2025-12-11 21:47:39] Origin: [1;32mPrimary Region - Instance 0 (AZ 1)[0m
[2025-12-11 21:47:41] Origin: [1;32mPrimary Region - Instance 0 (AZ 1)[0m
[2025-12-11 21:47:43] Origin: [1;32mPrimary Region - Instance 0 (AZ 1)[0m
[2025-12-11 21:47:46] Origin: [1;32mPrimary Region - Instance 0 (AZ 1)[0m
[2025-12-11 21:47:48] Origin: [1;32mPrimary Region - Instance 0 (AZ 1)[0m
[2025-12-11 21:47:50] Origin: [1;32mPrimary Region - Instance 0 (AZ 1)[0m
[2025-12-11 21:47:53] Origin: [1;32mPrimary Region - Instance 0 (AZ 1)[0m
[2025-12-11 21:47:56] Origin: [1;32mPrimary Region - Instance 0 (AZ 1)[0m
[2025-12-11 21:47:59] Origin: [1;32mPrimary Region - Instance 0 (AZ 1)[0m
[2025-12-11 21:48:01] Origin: [1;32mPrimary Region - Instance 0 (AZ 1)[0m
[2025-12-11 21:48:03] Origin: [1;32mPrimary Region - Instance 0 (AZ 1)[0m
[2025-12-11 21:48:06] Origin: [1;32mPrimary Region - Instance 0 (AZ 1)[0m
[2025-12-11 21:48:08] Origin: [1;32mPrimary Region - Instance 0 (AZ 1)[0m
[2025-12-11 21:48:11] Origin: [1;32mPrimary Region - Instance 0 (AZ 1)[0m
[2025-12-11 21:48:14] Origin: [1;32mPrimary Region - Instance 0 (AZ 1)[0m
[2025-12-11 21:48:16] Origin: [1;32mPrimary Region - Instance 0 (AZ 1)[0m
[2025-12-11 21:48:18] Origin: [1;32mPrimary Region - Instance 0 (AZ 1)[0m
[2025-12-11 21:48:21] Origin: [1;32mPrimary Region - Instance 0 (AZ 1)[0m
[2025-12-11 21:48:23] Origin: [1;32mPrimary Region - Instance 0 (AZ 1)[0m
[2025-12-11 21:48:25] Origin: [1;32mPrimary Region - Instance 0 (AZ 1)[0m
[2025-12-11 21:48:27] Origin: [1;32mPrimary Region - Instance 0 (AZ 1)[0m
[2025-12-11 21:48:29] Origin: [1;32mPrimary Region - Instance 0 (AZ 1)[0m
[2025-12-11 21:48:32] Origin: [1;32mPrimary Region - Instance 0 (AZ 1)[0m
[2025-12-11 21:48:34] Origin: [1;32mPrimary Region - Instance 0 (AZ 1)[0m
[2025-12-11 21:48:38] Origin: [1;32mPrimary Region - Instance 0 (AZ 1)[0m
[2025-12-11 21:48:41] Origin: [1;32mPrimary Region - Instance 0 (AZ 1)[0m
[2025-12-11 21:48:43] Origin: [1;32mPrimary Region - Instance 0 (AZ 1)[0m
[2025-12-11 21:48:45] Origin: [1;32mPrimary Region - Instance 0 (AZ 1)[0m
[2025-12-11 21:48:48] Origin: [1;32mPrimary Region - Instance 0 (AZ 1)[0m
[2025-12-11 21:48:50] Origin: [1;32mPrimary Region - Instance 0 (AZ 1)[0m
[2025-12-11 21:48:52] Origin: [1;32mPrimary Region - Instance 0 (AZ 1)[0m
[2025-12-11 21:48:54] Origin: [1;32mPrimary Region - Instance 0 (AZ 1)[0m
[2025-12-11 21:48:57] Origin: [1;32mPrimary Region - Instance 0 (AZ 1)[0m
[2025-12-11 21:49:00] Origin: [1;32mPrimary Region - Instance 0 (AZ 1)[0m
[2025-12-11 21:49:02] Origin: [1;32mPrimary Region - Instance 0 (AZ 1)[0m
[2025-12-11 21:49:04] Origin: [1;32mPrimary Region - Instance 0 (AZ 1)[0m
[2025-12-11 21:49:07] Origin: [1;32mPrimary Region - Instance 0 (AZ 1)[0m
[2025-12-11 21:49:09] Origin: [1;32mPrimary Region - Instance 0 (AZ 1)[0m
[2025-12-11 21:49:13] Origin: [1;32mPrimary Region - Instance 0 (AZ 1)[0m
[2025-12-11 21:49:15] Origin: [1;32mPrimary Region - Instance 0 (AZ 1)[0m
[2025-12-11 21:49:17] Origin: [1;32mPrimary Region - Instance 0 (AZ 1)[0m
[2025-12-11 21:49:19] Origin: [1;32mPrimary Region - Instance 0 (AZ 1)[0m
[2025-12-11 21:49:21] Origin: [1;32mPrimary Region - Instance 0 (AZ 1)[0m
[2025-12-11 21:49:24] Origin: [1;32mPrimary Region - Instance 0 (AZ 1)[0m
[2025-12-11 21:49:26] Origin: [1;32mPrimary Region - Instance 0 (AZ 1)[0m
[2025-12-11 21:49:29] Origin: [1;32mPrimary Region - Instance 0 (AZ 1)[0m
[2025-12-11 21:49:31] Origin: [1;32mPrimary Region - Instance 0 (AZ 1)[0m
[2025-12-11 21:49:33] Origin: [1;32mPrimary Region - Instance 0 (AZ 1)[0m
[2025-12-11 21:49:35] Origin: [1;32mPrimary Region - Instance 0 (AZ 1)[0m
[2025-12-11 21:49:37] Origin: [1;32mPrimary Region - Instance 0 (AZ 1)[0m
[2025-12-11 21:49:40] Origin: [1;32mPrimary Region - Instance 0 (AZ 1)[0m
[2025-12-11 21:49:42] Origin: [1;32mPrimary Region - Instance 0 (AZ 1)[0m
[2025-12-11 21:49:45] Origin: [1;32mPrimary Region - Instance 0 (AZ 1)[0m
[2025-12-11 21:49:47] Origin: [1;32mPrimary Region - Instance 0 (AZ 1)[0m
[2025-12-11 21:49:49] Origin: [1;32mPrimary Region - Instance 0 (AZ 1)[0m
[2025-12-11 21:49:52] Origin: [1;32mPrimary Region - Instance 0 (AZ 1)[0m
[2025-12-11 21:49:54] Origin: [1;32mPrimary Region - Instance 0 (AZ 1)[0m
[2025-12-11 21:49:57] Origin: [1;32mPrimary Region - Instance 0 (AZ 1)[0m
[2025-12-11 21:49:59] Origin: [1;32mPrimary Region - Instance 0 (AZ 1)[0m
[2025-12-11 21:50:01] Origin: [1;32mPrimary Region - Instance 0 (AZ 1)[0m
[2025-12-11 21:50:03] Origin: [1;32mPrimary Region - Instance 0 (AZ 1)[0m
[2025-12-11 21:50:05] Origin: [1;32mPrimary Region - Instance 0 (AZ 1)[0m
[2025-12-11 21:50:08] Origin: [1;32mPrimary Region - Instance 0 (AZ 1)[0m
[2025-12-11 21:50:10] Origin: [1;32mPrimary Region - Instance 0 (AZ 1)[0m
[2025-12-11 21:50:12] Origin: [1;32mPrimary Region - Instance 0 (AZ 1)[0m
[2025-12-11 21:50:14] Origin: [1;32mPrimary Region - Instance 0 (AZ 1)[0m
[2025-12-11 21:50:17] Origin: [1;32mPrimary Region - Instance 0 (AZ 1)[0m
[2025-12-11 21:50:19] Origin: [1;32mPrimary Region - Instance 0 (AZ 1)[0m
[2025-12-11 21:50:21] Origin: [1;32mPrimary Region - Instance 0 (AZ 1)[0m
[2025-12-11 21:50:24] Origin: [1;32mPrimary Region - Instance 0 (AZ 1)[0m
[2025-12-11 21:50:26] Origin: [1;32mPrimary Region - Instance 0 (AZ 1)[0m
[2025-12-11 21:50:28] Origin: [1;32mPrimary Region - Instance 0 (AZ 1)[0m
[2025-12-11 21:50:30] Origin: [1;32mPrimary Region - Instance 0 (AZ 1)[0m
[2025-12-11 21:50:32] Origin: [1;32mPrimary Region - Instance 0 (AZ 1)[0m
[2025-12-11 21:50:34] Origin: [1;32mPrimary Region - Instance 0 (AZ 1)[0m
[2025-12-11 21:50:37] Origin: [1;32mPrimary Region - Instance 0 (AZ 1)[0m
[2025-12-11 21:50:39] Origin: [1;32mPrimary Region - Instance 0 (AZ 1)[0m
[2025-12-11 21:50:42] Origin: [1;32mPrimary Region - Instance 0 (AZ 1)[0m
[2025-12-11 21:50:44] Origin: [1;32mPrimary Region - Instance 0 (AZ 1)[0m
[2025-12-11 21:50:46] Origin: [1;32mPrimary Region - Instance 0 (AZ 1)[0m
[2025-12-11 21:50:49] Origin: [1;32mPrimary Region - Instance 0 (AZ 1)[0m
[2025-12-11 21:50:51] Origin: [1;32mPrimary Region - Instance 0 (AZ 1)[0m
[2025-12-11 21:50:53] Origin: [1;32mPrimary Region - Instance 0 (AZ 1)[0m
[2025-12-11 21:50:56] Origin: [1;32mPrimary Region - Instance 0 (AZ 1)[0m
[2025-12-11 21:50:58] Origin: [1;32mPrimary Region - Instance 0 (AZ 1)[0m
[2025-12-11 21:51:00] Origin: [1;32mPrimary Region - Instance 0 (AZ 1)[0m
[2025-12-11 21:51:02] Origin: [1;32mPrimary Region - Instance 0 (AZ 1)[0m
[2025-12-11 21:51:04] Origin: [1;32mPrimary Region - Instance 0 (AZ 1)[0m
[2025-12-11 21:51:07] Origin: [1;32mPrimary Region - Instance 0 (AZ 1)[0m
[2025-12-11 21:51:09] Origin: [1;32mPrimary Region - Instance 0 (AZ 1)[0m
[2025-12-11 21:51:11] Origin: [1;32mPrimary Region - Instance 0 (AZ 1)[0m
[2025-12-11 21:51:13] Origin: [1;32mPrimary Region - Instance 0 (AZ 1)[0m
[2025-12-11 21:51:15] Origin: [1;32mPrimary Region - Instance 0 (AZ 1)[0m
[2025-12-11 21:51:18] Origin: [1;32mPrimary Region - Instance 0 (AZ 1)[0m
[2025-12-11 21:51:20] Origin: [1;32mPrimary Region - Instance 0 (AZ 1)[0m
[2025-12-11 21:51:23] Origin: [1;32mPrimary Region - Instance 0 (AZ 1)[0m
[2025-12-11 21:51:25] Origin: [1;32mPrimary Region - Instance 0 (AZ 1)[0m
[2025-12-11 21:51:27] Origin: [1;32mPrimary Region - Instance 0 (AZ 1)[0m
[2025-12-11 21:51:29] Origin: [1;32mPrimary Region - Instance 0 (AZ 1)[0m
[2025-12-11 21:51:31] Origin: [1;32mPrimary Region - Instance 0 (AZ 1)[0m
[2025-12-11 21:51:34] Origin: [1;32mPrimary Region - Instance 0 (AZ 1)[0m
[2025-12-11 21:51:36] Origin: [1;32mPrimary Region - Instance 0 (AZ 1)[0m
[2025-12-11 21:51:38] Origin: [1;32mPrimary Region - Instance 0 (AZ 1)[0m
[2025-12-11 21:51:40] Origin: [1;32mPrimary Region - Instance 0 (AZ 1)[0m
[2025-12-11 21:51:42] Origin: [1;32mPrimary Region - Instance 0 (AZ 1)[0m
[2025-12-11 21:51:45] Origin: [1;32mPrimary Region - Instance 0 (AZ 1)[0m
[2025-12-11 21:51:47] Origin: [1;32mPrimary Region - Instance 0 (AZ 1)[0m
[2025-12-11 21:51:49] Origin: [1;32mPrimary Region - Instance 0 (AZ 1)[0m
[2025-12-11 21:51:51] Origin: [1;32mPrimary Region - Instance 0 (AZ 1)[0m
[2025-12-11 21:51:53] Origin: [1;32mPrimary Region - Instance 0 (AZ 1)[0m
[2025-12-11 21:51:56] Origin: [1;32mPrimary Region - Instance 0 (AZ 1)[0m
[2025-12-11 21:51:58] Origin: [1;32mPrimary Region - Instance 0 (AZ 1)[0m
[2025-12-11 21:52:00] Origin: [1;32mPrimary Region - Instance 0 (AZ 1)[0m
[2025-12-11 21:52:03] Origin: [1;32mPrimary Region - Instance 0 (AZ 1)[0m
[2025-12-11 21:52:05] Origin: [1;32mPrimary Region - Instance 0 (AZ 1)[0m
[2025-12-11 21:52:07] Origin: [1;32mPrimary Region - Instance 0 (AZ 1)[0m
[2025-12-11 21:52:09] Origin: [1;32mPrimary Region - Instance 0 (AZ 1)[0m
[2025-12-11 21:52:12] Origin: [1;32mPrimary Region - Instance 0 (AZ 1)[0m
[2025-12-11 21:52:15] Origin: [1;32mPrimary Region - Instance 0 (AZ 1)[0m
[2025-12-11 21:52:18] Origin: [1;32mPrimary Region - Instance 0 (AZ 1)[0m
[2025-12-11 21:52:20] Origin: [1;32mPrimary Region - Instance 0 (AZ 1)[0m
[2025-12-11 21:52:22] Origin: [1;32mPrimary Region - Instance 0 (AZ 1)[0m
[2025-12-11 21:52:25] Origin: [1;32mPrimary Region - Instance 0 (AZ 1)[0m
[2025-12-11 21:52:27] Origin: [1;32mPrimary Region - Instance 0 (AZ 1)[0m
[2025-12-11 21:52:30] Origin: [1;32mPrimary Region - Instance 0 (AZ 1)[0m
[2025-12-11 21:52:32] Origin: [1;32mPrimary Region - Instance 0 (AZ 1)[0m
[2025-12-11 21:52:34] Origin: [1;32mPrimary Region - Instance 0 (AZ 1)[0m
[2025-12-11 21:52:37] Origin: [1;32mPrimary Region - Instance 0 (AZ 1)[0m
[2025-12-11 21:52:39] Origin: [1;32mPrimary Region - Instance 0 (AZ 1)[0m
[2025-12-11 21:52:41] Origin: [1;32mPrimary Region - Instance 0 (AZ 1)[0m
[2025-12-11 21:52:43] Origin: [1;32mPrimary Region - Instance 0 (AZ 1)[0m
[2025-12-11 21:52:45] Origin: [1;32mPrimary Region - Instance 0 (AZ 1)[0m
[2025-12-11 21:52:47] Origin: [1;32mPrimary Region - Instance 0 (AZ 1)[0m
[2025-12-11 21:52:50] Origin: [1;32mPrimary Region - Instance 0 (AZ 1)[0m
[2025-12-11 21:52:52] Origin: [1;32mPrimary Region - Instance 0 (AZ 1)[0m
[2025-12-11 21:52:54] Origin: [1;32mPrimary Region - Instance 0 (AZ 1)[0m
[2025-12-11 21:52:56] Origin: [1;32mPrimary Region - Instance 0 (AZ 1)[0m
[2025-12-11 21:52:59] Origin: [1;32mPrimary Region - Instance 0 (AZ 1)[0m
[2025-12-11 21:53:01] Origin: [1;32mPrimary Region - Instance 0 (AZ 1)[0m
[2025-12-11 21:53:04] Origin: [1;32mPrimary Region - Instance 0 (AZ 1)[0m
[2025-12-11 21:53:06] Origin: [1;32mPrimary Region - Instance 0 (AZ 1)[0m
[2025-12-11 21:53:08] Origin: [1;32mPrimary Region - Instance 0 (AZ 1)[0m
[2025-12-11 21:53:10] Origin: [1;32mPrimary Region - Instance 0 (AZ 1)[0m
[2025-12-11 21:53:12] Origin: [1;32mPrimary Region - Instance 0 (AZ 1)[0m
[2025-12-11 21:53:15] Origin: [1;32mPrimary Region - Instance 0 (AZ 1)[0m
[2025-12-11 21:53:17] Origin: [1;32mPrimary Region - Instance 0 (AZ 1)[0m
[2025-12-11 21:53:19] Origin: [1;32mPrimary Region - Instance 0 (AZ 1)[0m
[2025-12-11 21:53:21] Origin: [1;32mPrimary Region - Instance 0 (AZ 1)[0m
[2025-12-11 21:53:23] Origin: [1;32mPrimary Region - Instance 0 (AZ 1)[0m
[2025-12-11 21:53:25] Origin: [1;32mPrimary Region - Instance 0 (AZ 1)[0m
[2025-12-11 21:53:28] Origin: [1;32mPrimary Region - Instance 0 (AZ 1)[0m
[2025-12-11 21:53:30] Origin: [1;32mPrimary Region - Instance 0 (AZ 1)[0m
[2025-12-11 21:53:32] Origin: [1;32mPrimary Region - Instance 0 (AZ 1)[0m
[2025-12-11 21:53:35] Origin: [1;32mPrimary Region - Instance 0 (AZ 1)[0m
[2025-12-11 21:53:37] Origin: [1;32mPrimary Region - Instance 0 (AZ 1)[0m
[2025-12-11 21:53:39] Origin: [1;32mPrimary Region - Instance 0 (AZ 1)[0m
[2025-12-11 21:53:41] Origin: [1;32mPrimary Region - Instance 0 (AZ 1)[0m
[2025-12-11 21:53:45] Origin: [1;32mPrimary Region - Instance 0 (AZ 1)[0m
[2025-12-11 21:53:48] Origin: [1;32mPrimary Region - Instance 0 (AZ 1)[0m
[2025-12-11 21:53:50] Origin: [1;32mPrimary Region - Instance 0 (AZ 1)[0m
[2025-12-11 21:53:53] Origin: [1;32mPrimary Region - Instance 0 (AZ 1)[0m
[2025-12-11 21:53:55] Origin: [1;32mPrimary Region - Instance 0 (AZ 1)[0m
[2025-12-11 21:53:57] Origin: [1;32mPrimary Region - Instance 0 (AZ 1)[0m
[2025-12-11 21:53:59] Origin: [1;32mPrimary Region - Instance 0 (AZ 1)[0m
[2025-12-11 21:54:02] Origin: [1;32mPrimary Region - Instance 0 (AZ 1)[0m
[2025-12-11 21:54:04] Origin: [1;32mPrimary Region - Instance 0 (AZ 1)[0m
[2025-12-11 21:54:06] Origin: [1;32mPrimary Region - Instance 0 (AZ 1)[0m
[2025-12-11 21:54:09] Origin: [1;32mPrimary Region - Instance 0 (AZ 1)[0m
[2025-12-11 21:54:11] Origin: [1;32mPrimary Region - Instance 0 (AZ 1)[0m
[2025-12-11 21:54:13] Origin: [1;32mPrimary Region - Instance 0 (AZ 1)[0m
[2025-12-11 21:54:15] Origin: [1;32mPrimary Region - Instance 0 (AZ 1)[0m
[2025-12-11 21:54:18] Origin: [1;32mPrimary Region - Instance 0 (AZ 1)[0m
[2025-12-11 21:54:20] Origin: [1;32mPrimary Region - Instance 0 (AZ 1)[0m
[2025-12-11 21:54:22] Origin: [1;32mPrimary Region - Instance 0 (AZ 1)[0m
[2025-12-11 21:54:24] Origin: [1;32mPrimary Region - Instance 0 (AZ 1)[0m
[2025-12-11 21:54:26] Origin: [1;32mPrimary Region - Instance 0 (AZ 1)[0m
[2025-12-11 21:54:29] Origin: [1;32mPrimary Region - Instance 0 (AZ 1)[0m
[2025-12-11 21:54:31] Origin: [1;32mPrimary Region - Instance 0 (AZ 1)[0m
[2025-12-11 21:54:33] Origin: [1;32mPrimary Region - Instance 0 (AZ 1)[0m
[2025-12-11 21:54:35] Origin: [1;32mPrimary Region - Instance 0 (AZ 1)[0m
[2025-12-11 21:54:37] Origin: [1;32mPrimary Region - Instance 0 (AZ 1)[0m
[2025-12-11 21:54:40] Origin: [1;32mPrimary Region - Instance 0 (AZ 1)[0m
[2025-12-11 21:54:42] Origin: [1;32mPrimary Region - Instance 0 (AZ 1)[0m
[2025-12-11 21:54:44] Origin: [1;32mPrimary Region - Instance 0 (AZ 1)[0m
[2025-12-11 21:54:46] Origin: [1;32mPrimary Region - Instance 0 (AZ 1)[0m
[2025-12-11 21:54:49] Origin: [1;32mPrimary Region - Instance 0 (AZ 1)[0m
[2025-12-11 21:54:51] Origin: [1;32mPrimary Region - Instance 0 (AZ 1)[0m
[2025-12-11 21:54:53] Origin: [1;32mPrimary Region - Instance 0 (AZ 1)[0m
[2025-12-11 21:54:55] Origin: [1;32mPrimary Region - Instance 0 (AZ 1)[0m
[2025-12-11 21:54:57] Origin: [1;32mPrimary Region - Instance 0 (AZ 1)[0m
[2025-12-11 21:54:59] Origin: [1;32mPrimary Region - Instance 0 (AZ 1)[0m
[2025-12-11 21:55:02] Origin: [1;32mPrimary Region - Instance 0 (AZ 1)[0m
[2025-12-11 21:55:04] Origin: [1;32mPrimary Region - Instance 0 (AZ 1)[0m
[2025-12-11 21:55:06] Origin: [1;32mPrimary Region - Instance 0 (AZ 1)[0m
[2025-12-11 21:55:08] Origin: [1;32mPrimary Region - Instance 0 (AZ 1)[0m
[2025-12-11 21:55:10] Origin: [1;32mPrimary Region - Instance 0 (AZ 1)[0m
[2025-12-11 21:55:13] Origin: [1;32mPrimary Region - Instance 0 (AZ 1)[0m
[2025-12-11 21:55:15] Origin: [1;32mPrimary Region - Instance 0 (AZ 1)[0m
[2025-12-11 21:55:17] Origin: [1;32mPrimary Region - Instance 0 (AZ 1)[0m
[2025-12-11 21:55:20] Origin: [1;32mPrimary Region - Instance 0 (AZ 1)[0m
[2025-12-11 21:55:22] Origin: [1;32mPrimary Region - Instance 0 (AZ 1)[0m
[2025-12-11 21:55:25] Origin: [1;32mPrimary Region - Instance 0 (AZ 1)[0m
[2025-12-11 21:55:27] Origin: [1;32mPrimary Region - Instance 0 (AZ 1)[0m
[2025-12-11 21:55:29] Origin: [1;32mPrimary Region - Instance 0 (AZ 1)[0m
[2025-12-11 21:55:31] Origin: [1;32mPrimary Region - Instance 0 (AZ 1)[0m
[2025-12-11 21:55:33] Origin: [1;32mPrimary Region - Instance 0 (AZ 1)[0m
[2025-12-11 21:55:36] Origin: [1;32mPrimary Region - Instance 0 (AZ 1)[0m
[2025-12-11 21:55:38] Origin: [1;32mPrimary Region - Instance 0 (AZ 1)[0m
[2025-12-11 21:55:40] Origin: [1;32mPrimary Region - Instance 0 (AZ 1)[0m
[2025-12-11 21:55:42] Origin: [1;32mPrimary Region - Instance 0 (AZ 1)[0m
============================================================
 CloudFront Failover Test Started
 Target: https://d31g56rydjfsd8.cloudfront.net
 Logging to: failover.log
============================================================
[2025-12-11 22:03:00] Origin: [1;32mPrimary Region - Instance 0 (AZ 1)[0m
[2025-12-11 22:03:03] Origin: [1;32mPrimary Region - Instance 0 (AZ 1)[0m
[2025-12-11 22:03:05] Origin: [1;32mPrimary Region - Instance 0 (AZ 1)[0m
[2025-12-11 22:03:08] Origin: [1;32mPrimary Region - Instance 0 (AZ 1)[0m
[2025-12-11 22:03:10] Origin: [1;32mPrimary Region - Instance 0 (AZ 1)[0m
[2025-12-11 22:03:13] Origin: [1;32mPrimary Region - Instance 0 (AZ 1)[0m
[2025-12-11 22:03:15] Origin: [1;32mPrimary Region - Instance 0 (AZ 1)[0m
[2025-12-11 22:03:17] Origin: [1;32mPrimary Region - Instance 0 (AZ 1)[0m
[2025-12-11 22:03:19] Origin: [1;32mPrimary Region - Instance 0 (AZ 1)[0m
[2025-12-11 22:03:22] Origin: [1;32mPrimary Region - Instance 0 (AZ 1)[0m
============================================================
 CloudFront Failover Test Started
 Target: https://d31g56rydjfsd8.cloudfront.net
 Logging to: failover.log
============================================================
[2025-12-11 22:51:06] Origin: [1;32mPrimary Region - Instance 1 (AZ 2)[0m
[2025-12-11 22:51:08] Origin: [1;32mPrimary Region - Instance 1 (AZ 2)[0m
[2025-12-11 22:51:10] Origin: [1;32mPrimary Region - Instance 1 (AZ 2)[0m
[2025-12-11 22:51:13] Origin: [1;32mPrimary Region - Instance 1 (AZ 2)[0m
[2025-12-11 22:51:16] Origin: [1;32mPrimary Region - Instance 1 (AZ 2)[0m
[2025-12-11 22:51:18] Origin: [1;32mPrimary Region - Instance 1 (AZ 2)[0m
[2025-12-11 22:51:21] Origin: [1;32mPrimary Region - Instance 1 (AZ 2)[0m
[2025-12-11 22:51:23] Origin: [1;32mPrimary Region - Instance 1 (AZ 2)[0m
[2025-12-11 22:51:25] Origin: [1;32mPrimary Region - Instance 1 (AZ 2)[0m
[2025-12-11 22:51:27] Origin: [1;32mPrimary Region - Instance 1 (AZ 2)[0m
[2025-12-11 22:51:31] Origin: [1;32mPrimary Region - Instance 1 (AZ 2)[0m
[2025-12-11 22:51:34] Origin: [1;32mPrimary Region - Instance 1 (AZ 2)[0m
[2025-12-11 22:51:36] Origin: [1;32mPrimary Region - Instance 1 (AZ 2)[0m
============================================================
 CloudFront Failover Test Started
 Target: https://d3ls4ho6j5ofs.cloudfront.net
 Logging to: failover.log
============================================================
[2025-12-12 01:41:30] Origin: [1;32mPrimary Region - Instance 1 (AZ 2)[0m
[2025-12-12 01:41:32] Origin: [1;32mPrimary Region - Instance 0 (AZ 1)[0m
[2025-12-12 01:41:35] Origin: [1;32mPrimary Region - Instance 0 (AZ 1)[0m
[2025-12-12 01:41:37] Origin: [1;32mPrimary Region - Instance 1 (AZ 2)[0m
[2025-12-12 01:41:39] Origin: [1;32mPrimary Region - Instance 0 (AZ 1)[0m
[2025-12-12 01:41:42] Origin: [1;32mPrimary Region - Instance 1 (AZ 2)[0m
============================================================
 CloudFront Failover Test Started
 Target: https://d3ls4ho6j5ofs.cloudfront.net
 Logging to: failover.log
============================================================
[2025-12-12 01:57:20] Origin: [1;32mPrimary Region - Instance 1 (AZ 2)[0m
[2025-12-12 01:57:23] Origin: [1;32mPrimary Region - Instance 1 (AZ 2)[0m
[2025-12-12 01:57:25] Origin: [1;32mPrimary Region - Instance 1 (AZ 2)[0m
[2025-12-12 01:57:28] Origin: [1;32mPrimary Region - Instance 1 (AZ 2)[0m
[2025-12-12 01:57:31] Origin: [1;32mPrimary Region - Instance 1 (AZ 2)[0m
============================================================
 CloudFront Failover Test Started
 Target: https://d3ls4ho6j5ofs.cloudfront.net
 Logging to: failover.log
============================================================
[2025-12-12 02:08:25] Origin: [1;32mPrimary Region - Instance 1 (AZ 2)[0m
[2025-12-12 02:08:28] Origin: [1;32mPrimary Region - Instance 1 (AZ 2)[0m
[2025-12-12 02:08:30] Origin: [1;32mPrimary Region - Instance 1 (AZ 2)[0m
[2025-12-12 02:08:33] Origin: [1;32mPrimary Region - Instance 1 (AZ 2)[0m
============================================================
 CloudFront Failover Test Started
 Target: https://d3ls4ho6j5ofs.cloudfront.net
 Logging to: failover.log
============================================================
[2025-12-12 02:20:46] Origin: [1;32mPrimary Region - Instance 0 (AZ 1)[0m
[2025-12-12 02:20:48] Origin: [1;32mPrimary Region - Instance 1 (AZ 2)[0m
[2025-12-12 02:20:52] Origin: [1;32mPrimary Region - Instance 0 (AZ 1)[0m
[2025-12-12 02:20:55] Origin: [1;32mPrimary Region - Instance 1 (AZ 2)[0m
[2025-12-12 02:20:57] Origin: [1;32mPrimary Region - Instance 0 (AZ 1)[0m
============================================================
 CloudFront Failover Test Started
 Target: https://d3ls4ho6j5ofs.cloudfront.net
 Logging to: failover.log
============================================================
[2025-12-12 02:50:59] Origin: [1;33mSecondary Region - Failover Instance[0m
[2025-12-12 02:51:01] Origin: [1;33mSecondary Region - Failover Instance[0m
[2025-12-12 02:51:04] Origin: [1;33mSecondary Region - Failover Instance[0m
[2025-12-12 02:51:06] Origin: [1;33mSecondary Region - Failover Instance[0m
[2025-12-12 02:51:09] Origin: [1;33mSecondary Region - Failover Instance[0m
============================================================
 CloudFront Failover Test Started
 Target: https://d3ls4ho6j5ofs.cloudfront.net
 Logging to: failover.log
============================================================
[2025-12-12 03:31:25] Origin: [1;32mPrimary Region - Instance 1 (AZ 2)[0m
[2025-12-12 03:31:28] Origin: [1;32mPrimary Region - Instance 0 (AZ 1)[0m
[2025-12-12 03:31:30] Origin: [1;32mPrimary Region - Instance 1 (AZ 2)[0m
[2025-12-12 03:31:34] Origin: [1;32mPrimary Region - Instance 0 (AZ 1)[0m
[2025-12-12 03:31:37] Origin: [1;32mPrimary Region - Instance 1 (AZ 2)[0m
============================================================
 CloudFront Failover Test Started
 Target: https://ddeao85i55vc6.cloudfront.net
 Logging to: failover.log
============================================================
[2025-12-12 05:25:42] Origin: [1;32mPrimary Region - Instance 0 (AZ 1)[0m
[2025-12-12 05:25:44] Origin: [1;32mPrimary Region - Instance 1 (AZ 2)[0m
[2025-12-12 05:25:47] Origin: [1;32mPrimary Region - Instance 0 (AZ 1)[0m
[2025-12-12 05:25:49] Origin: [1;32mPrimary Region - Instance 0 (AZ 1)[0m
[2025-12-12 05:25:52] Origin: [1;32mPrimary Region - Instance 1 (AZ 2)[0m
[2025-12-12 05:25:55] Origin: [1;32mPrimary Region - Instance 0 (AZ 1)[0m
============================================================
 CloudFront Failover Test Started
 Target: https://ddeao85i55vc6.cloudfront.net
 Logging to: failover.log
============================================================
[2025-12-12 06:36:15] Origin: [1;32mPrimary Region - Instance 0 (AZ 1)[0m
[2025-12-12 06:36:17] Origin: [1;32mPrimary Region - Instance 1 (AZ 2)[0m
[2025-12-12 06:36:20] Origin: [1;32mPrimary Region - Instance 1 (AZ 2)[0m
[2025-12-12 06:36:23] Origin: [1;32mPrimary Region - Instance 0 (AZ 1)[0m
[2025-12-12 06:36:25] Origin: [1;32mPrimary Region - Instance 1 (AZ 2)[0m
============================================================
 CloudFront Failover Test Started
 Target: https://ddeao85i55vc6.cloudfront.net
 Logging to: failover.log
============================================================
[2025-12-13 18:41:58] Origin: [1;32mPrimary Region - Instance 1 (AZ 2)[0m
[2025-12-13 18:42:01] Origin: [1;32mPrimary Region - Instance 0 (AZ 1)[0m
[2025-12-13 18:42:03] Origin: [1;32mPrimary Region - Instance 1 (AZ 2)[0m
[2025-12-13 18:42:06] Origin: [1;32mPrimary Region - Instance 0 (AZ 1)[0m
[2025-12-13 18:42:09] Origin: [1;32mPrimary Region - Instance 1 (AZ 2)[0m
============================================================
 CloudFront Failover Test Started
 Target: https://ddeao85i55vc6.cloudfront.net
 Logging to: failover.log
============================================================
[2025-12-13 18:57:26] Origin: [1;32mPrimary Region - Instance 1 (AZ 2)[0m
[2025-12-13 18:57:29] Origin: [1;32mPrimary Region - Instance 1 (AZ 2)[0m
[2025-12-13 18:57:31] Origin: [1;32mPrimary Region - Instance 1 (AZ 2)[0m
[2025-12-13 18:57:33] Origin: [1;32mPrimary Region - Instance 1 (AZ 2)[0m
[2025-12-13 18:57:37] Origin: [1;32mPrimary Region - Instance 1 (AZ 2)[0m
============================================================
 CloudFront Failover Test Started
 Target: https://ddeao85i55vc6.cloudfront.net
 Logging to: failover.log
============================================================
[2025-12-13 19:21:23] Origin: [1;32mPrimary Region - Instance 1 (AZ 2)[0m
[2025-12-13 19:21:25] Origin: [1;32mPrimary Region - Instance 0 (AZ 1)[0m
[2025-12-13 19:21:28] Origin: [1;32mPrimary Region - Instance 1 (AZ 2)[0m
[2025-12-13 19:21:31] Origin: [1;32mPrimary Region - Instance 0 (AZ 1)[0m
[2025-12-13 19:21:34] Origin: [1;32mPrimary Region - Instance 1 (AZ 2)[0m
============================================================
 CloudFront Failover Test Started
 Target: https://ddeao85i55vc6.cloudfront.net
 Logging to: failover.log
============================================================
[2025-12-13 19:45:06] Origin: [1;33mSecondary Region - Failover Instance[0m
[2025-12-13 19:45:09] Origin: [1;33mSecondary Region - Failover Instance[0m
[2025-12-13 19:45:11] Origin: [1;33mSecondary Region - Failover Instance[0m
[2025-12-13 19:45:14] Origin: [1;33mSecondary Region - Failover Instance[0m
[2025-12-13 19:45:17] Origin: [1;33mSecondary Region - Failover Instance[0m
============================================================
 CloudFront Failover Test Started
 Target: https://ddeao85i55vc6.cloudfront.net
 Logging to: failover.log
============================================================
[2025-12-13 21:16:09] Origin: [1;32mPrimary Region - Instance 1 (AZ 2)[0m
[2025-12-13 21:16:11] Origin: [1;32mPrimary Region - Instance 0 (AZ 1)[0m
[2025-12-13 21:16:14] Origin: [1;32mPrimary Region - Instance 1 (AZ 2)[0m
[2025-12-13 21:16:16] Origin: [1;32mPrimary Region - Instance 0 (AZ 1)[0m
[2025-12-13 21:16:19] Origin: [1;32mPrimary Region - Instance 1 (AZ 2)[0m
